[literature_db_build_start] timestamp=2026-07-22T23:23:53-04:00
[literature_db_build_start] step=[3/6] Build online sleep literature SQLite DB
[literature_db_build_start] database=data/literature/sleep_literature.db
[literature_db_build_start] config=configs/literature_library_config.yaml
[literature_db_build_start] query_config=configs/literature_queries.yaml
[literature_db_build_start] library_version=sleep_literature_library_v1_online
[literature_db_build_start] timestamp=2026-07-23T01:15:24-04:00
[literature_db_build_start] step=[3/6] Build online sleep literature SQLite DB
[literature_db_build_start] database=data/literature/sleep_literature.db
[literature_db_build_start] config=configs/literature_library_config.yaml
[literature_db_build_start] query_config=configs/literature_queries.yaml
[literature_db_build_start] library_version=sleep_literature_library_v1_online
[literature_db_build_start] timestamp=2026-07-23T01:46:55-04:00
[literature_db_build_start] step=[3/6] Build online sleep literature SQLite DB
[literature_db_build_start] database=data/literature/sleep_literature.db
[literature_db_build_start] config=configs/literature_library_config.yaml
[literature_db_build_start] query_config=configs/literature_queries.yaml
[literature_db_build_start] library_version=sleep_literature_library_v1_online
[literature_db_build_start] timestamp=2026-07-23T04:59:29-04:00
[literature_db_build_start] step=[3/6] Build online sleep literature SQLite DB
[literature_db_build_start] database=data/literature/sleep_literature.db
[literature_db_build_start] config=configs/literature_library_config.yaml
[literature_db_build_start] query_config=configs/literature_queries.yaml
[literature_db_build_start] library_version=sleep_literature_library_v1_online
[literature_db_build_start] timestamp=2026-07-23T05:13:57-04:00
[literature_db_build_start] step=[3/6] Build online sleep literature SQLite DB
[literature_db_build_start] database=data/literature/sleep_literature.db
[literature_db_build_start] config=configs/literature_library_config.yaml
[literature_db_build_start] query_config=configs/literature_queries.yaml
[literature_db_build_start] library_version=sleep_literature_library_v1_online
[literature_db_build_start] timestamp=2026-07-23T05:50:07-04:00
[literature_db_build_start] step=[3/6] Build online sleep literature SQLite DB
[literature_db_build_start] database=data/literature/sleep_literature.db
[literature_db_build_start] config=configs/literature_library_config.yaml
[literature_db_build_start] query_config=configs/literature_queries.yaml
[literature_db_build_start] library_version=sleep_literature_library_v1_online
[literature_db_build_start] timestamp=2026-07-23T22:46:51-04:00
[literature_db_build_start] step=[3/6] Build online sleep literature SQLite DB
[literature_db_build_start] database=data/literature/sleep_literature.db
[literature_db_build_start] config=configs/literature_library_config.yaml
[literature_db_build_start] query_config=configs/literature_queries.yaml
[literature_db_build_start] library_version=sleep_literature_library_v1_online
[literature_db_build_start] timestamp=2026-07-23T22:53:52-04:00
[literature_db_build_start] step=[3/6] Build online sleep literature SQLite DB
[literature_db_build_start] database=data/literature/sleep_literature.db
[literature_db_build_start] config=configs/literature_library_config.yaml
[literature_db_build_start] query_config=configs/literature_queries.yaml
[literature_db_build_start] library_version=sleep_literature_library_v1_online
[literature_db_build_start] timestamp=2026-07-23T23:15:15-04:00
[literature_db_build_start] step=[3/6] Build online sleep literature SQLite DB
[literature_db_build_start] database=data/literature/sleep_literature.db
[literature_db_build_start] config=configs/literature_library_config.yaml
[literature_db_build_start] query_config=configs/literature_queries.yaml
[literature_db_build_start] library_version=sleep_literature_library_v1_online
[literature_db_build_start] timestamp=2026-07-24T02:00:50-04:00
[literature_db_build_start] step=[3/6] Build online sleep literature SQLite DB
[literature_db_build_start] database=data/literature/sleep_literature.db
[literature_db_build_start] config=configs/literature_library_config.yaml
[literature_db_build_start] query_config=configs/literature_queries.yaml
[literature_db_build_start] library_version=sleep_literature_library_v1_online
